2026-02-06 15:08:42,767 [INFO] stat start
2026-02-06 15:09:41,907 [INFO] 原始样本量: 177
2026-02-06 15:09:41,908 [INFO] 手动排除 ID: [37]
2026-02-06 15:09:41,909 [INFO] 最终有效样本量: 176
2026-02-06 15:09:41,932 [INFO] 用于中介分析的干净数据已保存至: F:\NPI_results\bs_50\reidx\Master_Data_after_excluding.csv
2026-02-06 15:09:54,399 [INFO] stat start
2026-02-06 15:10:20,771 [INFO] 原始样本量: 177
2026-02-06 15:10:20,772 [INFO] 手动排除 ID: [37]
2026-02-06 15:10:20,774 [INFO] 最终有效样本量: 176
2026-02-06 15:10:20,777 [INFO] 用于中介分析的干净数据已保存至: F:\NPI_results\bs_50\reidx\Master_Data_after_excluding.csv
2026-02-06 15:12:47,115 [INFO] 原始样本量: 177
2026-02-06 15:12:47,116 [INFO] 手动排除 ID: [37]
2026-02-06 15:12:47,116 [INFO] 最终有效样本量: 176
2026-02-06 15:12:47,119 [INFO] 用于中介分析的干净数据已保存至: F:\NPI_results\bs_50\reidx\med_result\Master_Data_after_excluding.csv
2026-02-06 15:37:24,289 [INFO] stat start
2026-02-07 21:25:20,529 [INFO] stat start
2026-02-07 21:26:55,047 [INFO] stat start
2026-02-07 21:26:58,573 [INFO] 原始样本量: 177
2026-02-07 21:26:58,574 [INFO] 手动排除 ID: [131]
2026-02-07 21:26:58,574 [INFO] 最终有效样本量: 176
2026-02-07 21:26:58,579 [INFO] 用于中介分析的干净数据已保存至: F:\NPI_result_2_7\Master_Data_after_excluding.csv
2026-02-07 21:27:54,691 [INFO] stat start
2026-02-07 21:27:58,251 [INFO] 原始样本量: 177
2026-02-07 21:27:58,252 [INFO] 手动排除 ID: [131]
2026-02-07 21:27:58,253 [INFO] 最终有效样本量: 176
2026-02-07 21:27:58,257 [INFO] 用于中介分析的干净数据已保存至: F:\NPI_result_2_7\Master_Data_after_excluding.csv
2026-02-07 21:28:04,643 [INFO] 
>>>> Running: Group -> VAN_to_DMN_EC_Raw -> DMN_SP <<<<
2026-02-07 21:28:06,631 [ERROR] Error modeling VAN_to_DMN_EC_Raw -> DMN_SP: index 0 is out of bounds for axis 0 with size 0
2026-02-07 21:28:06,632 [INFO] 
>>>> Running: Group -> VAN_to_DMN_EC_Exc -> DMN_SP <<<<
2026-02-07 21:28:08,564 [ERROR] Error modeling VAN_to_DMN_EC_Exc -> DMN_SP: index 0 is out of bounds for axis 0 with size 0
2026-02-07 21:28:08,565 [INFO] 
>>>> Running: Group -> VAN_to_DMN_EC_Inh -> DMN_SP <<<<
2026-02-07 21:28:10,508 [ERROR] Error modeling VAN_to_DMN_EC_Inh -> DMN_SP: index 0 is out of bounds for axis 0 with size 0
2026-02-07 21:28:10,509 [INFO] 
>>>> Running: Group -> VAN_to_DMN_EC_Raw -> VAN_to_DMN_Steps <<<<
2026-02-07 21:28:12,453 [ERROR] Error modeling VAN_to_DMN_EC_Raw -> VAN_to_DMN_Steps: index 0 is out of bounds for axis 0 with size 0
2026-02-07 21:28:12,453 [INFO] 
>>>> Running: Group -> VAN_to_DMN_EC_Exc -> VAN_to_DMN_Steps <<<<
2026-02-07 21:28:14,407 [ERROR] Error modeling VAN_to_DMN_EC_Exc -> VAN_to_DMN_Steps: index 0 is out of bounds for axis 0 with size 0
2026-02-07 21:28:14,408 [INFO] 
>>>> Running: Group -> VAN_to_DMN_EC_Inh -> VAN_to_DMN_Steps <<<<
2026-02-07 21:28:16,369 [ERROR] Error modeling VAN_to_DMN_EC_Inh -> VAN_to_DMN_Steps: index 0 is out of bounds for axis 0 with size 0
2026-02-07 21:28:16,371 [INFO] 
==================================================
2026-02-07 21:28:16,372 [INFO] 所有模型分析结束，汇总报表已生成。
2026-02-07 21:30:15,315 [INFO] 原始样本量: 177
2026-02-07 21:30:15,315 [INFO] 手动排除 ID: [131]
2026-02-07 21:30:15,316 [INFO] 最终有效样本量: 176
2026-02-07 21:30:15,319 [INFO] 用于中介分析的干净数据已保存至: F:\NPI_result_2_7\Master_Data_after_excluding.csv
2026-02-07 21:30:31,600 [INFO] 
>>>> Running: Group -> VAN_to_DMN_EC_Raw -> DMN_SP <<<<
2026-02-07 21:30:46,257 [INFO] stat start
2026-02-07 21:31:34,835 [INFO] stat start
2026-02-07 21:51:09,383 [INFO] stat MEDIATION
2026-02-07 21:52:12,774 [INFO] 
>>>> Running: Group -> VAN_to_DMN_EC_Raw -> DMN_SP <<<<
2026-02-07 21:52:14,794 [ERROR] Error modeling VAN_to_DMN_EC_Raw -> DMN_SP: index 0 is out of bounds for axis 0 with size 0
2026-02-07 21:52:14,794 [INFO] 
>>>> Running: Group -> VAN_to_DMN_EC_Exc -> DMN_SP <<<<
2026-02-07 21:52:16,795 [ERROR] Error modeling VAN_to_DMN_EC_Exc -> DMN_SP: index 0 is out of bounds for axis 0 with size 0
2026-02-07 21:52:16,796 [INFO] 
>>>> Running: Group -> VAN_to_DMN_EC_Inh -> DMN_SP <<<<
2026-02-07 21:52:18,770 [ERROR] Error modeling VAN_to_DMN_EC_Inh -> DMN_SP: index 0 is out of bounds for axis 0 with size 0
2026-02-07 21:52:18,771 [INFO] 
>>>> Running: Group -> VAN_to_DMN_EC_Raw -> VAN_to_DMN_Steps <<<<
2026-02-07 21:52:20,757 [ERROR] Error modeling VAN_to_DMN_EC_Raw -> VAN_to_DMN_Steps: index 0 is out of bounds for axis 0 with size 0
2026-02-07 21:52:20,758 [INFO] 
>>>> Running: Group -> VAN_to_DMN_EC_Exc -> VAN_to_DMN_Steps <<<<
2026-02-07 21:52:22,746 [ERROR] Error modeling VAN_to_DMN_EC_Exc -> VAN_to_DMN_Steps: index 0 is out of bounds for axis 0 with size 0
2026-02-07 21:52:22,747 [INFO] 
>>>> Running: Group -> VAN_to_DMN_EC_Inh -> VAN_to_DMN_Steps <<<<
2026-02-07 21:52:24,737 [ERROR] Error modeling VAN_to_DMN_EC_Inh -> VAN_to_DMN_Steps: index 0 is out of bounds for axis 0 with size 0
2026-02-07 21:52:24,739 [INFO] 
==================================================
2026-02-07 21:52:24,740 [INFO] 所有模型分析结束，汇总报表已生成。
2026-02-07 21:52:50,979 [INFO] 
>>>> Running: Group -> VAN_to_DMN_EC_Raw -> DMN_SP <<<<
2026-02-07 21:53:24,451 [INFO] 
>>>> Running: Group -> VAN_to_DMN_EC_Raw -> DMN_SP <<<<
2026-02-07 21:53:34,374 [INFO] 
>>>> Running: Group -> VAN_to_DMN_EC_Raw -> DMN_SP <<<<
2026-02-07 21:53:36,346 [INFO] 
>>>> Running: Group -> VAN_to_DMN_EC_Exc -> DMN_SP <<<<
2026-02-07 21:53:38,303 [INFO] 
>>>> Running: Group -> VAN_to_DMN_EC_Inh -> DMN_SP <<<<
2026-02-07 21:53:40,259 [INFO] 
>>>> Running: Group -> VAN_to_DMN_EC_Raw -> VAN_to_DMN_Steps <<<<
2026-02-07 22:05:23,270 [INFO] 
>>>> Running: Group -> VAN_to_DMN_EC_Raw -> DMN_SP <<<<
2026-02-07 22:05:25,225 [INFO] 中介比例为 -0.0679
2026-02-07 22:05:25,227 [INFO] 
>>>> Running: Group -> VAN_to_DMN_EC_Exc -> DMN_SP <<<<
2026-02-07 22:05:27,177 [INFO] 中介比例为 -0.0152
2026-02-07 22:05:27,178 [INFO] 
>>>> Running: Group -> VAN_to_DMN_EC_Inh -> DMN_SP <<<<
2026-02-07 22:05:29,184 [INFO] 中介比例为 -0.1176
2026-02-07 22:05:29,186 [INFO] 
>>>> Running: Group -> VAN_to_DMN_EC_Raw -> VAN_to_DMN_Steps <<<<
2026-02-07 22:05:31,202 [INFO] 中介比例为 0.2772
2026-02-07 22:05:31,204 [INFO] 🎉 发现显著中介效应! 占比: 27.72%
2026-02-07 22:05:31,205 [INFO] 
>>>> Running: Group -> VAN_to_DMN_EC_Exc -> VAN_to_DMN_Steps <<<<
2026-02-07 22:05:33,153 [INFO] 中介比例为 0.2577
2026-02-07 22:05:33,155 [INFO] 🎉 发现显著中介效应! 占比: 25.77%
2026-02-07 22:05:33,156 [INFO] 
>>>> Running: Group -> VAN_to_DMN_EC_Inh -> VAN_to_DMN_Steps <<<<
2026-02-07 22:05:35,112 [INFO] 中介比例为 0.0621
2026-02-07 22:05:35,115 [INFO] 
==================================================
2026-02-07 22:05:35,115 [INFO] 所有模型分析结束，汇总报表已生成。
2026-02-07 22:10:28,532 [INFO] 
============================================================
2026-02-07 22:10:28,533 [INFO] 🚀 模型启动: Group -> VAN_to_DMN_EC_Raw -> DMN_SP
2026-02-07 22:10:30,501 [INFO]   [Path a]  (X -> M): N/A
2026-02-07 22:10:30,502 [INFO]   [Path b]  (M -> Y): N/A
2026-02-07 22:10:30,503 [INFO]   [Direct]  (c'):     coef=-0.5253, p=0.0008
2026-02-07 22:10:30,504 [INFO]   [Total]   (c):      coef=-0.4919, p=0.0008
2026-02-07 22:10:30,506 [INFO]   [Indirect] (ab):   coef=0.0334, 95% CI=[-0.0483, 0.1530]
2026-02-07 22:10:30,507 [INFO]   [Proportion]:      -6.79%
2026-02-07 22:10:30,507 [INFO] ❌ 中介效应不显著。
2026-02-07 22:11:50,462 [INFO] 
============================================================
2026-02-07 22:11:50,464 [INFO] 🚀 模型启动: Group -> VAN_to_DMN_EC_Raw -> DMN_SP
2026-02-07 22:11:52,502 [INFO]   [Path a]  (X -> M): N/A
2026-02-07 22:11:52,503 [INFO]   [Path b]  (M -> Y): N/A
2026-02-07 22:11:52,504 [INFO]   [Direct]  (c'):     coef=-0.5253, p=0.0008
2026-02-07 22:11:52,505 [INFO]   [Total]   (c):      coef=-0.4919, p=0.0008
2026-02-07 22:11:52,506 [INFO]   [Indirect] (ab):   coef=0.0334, 95% CI=[-0.0483, 0.1530]
2026-02-07 22:11:52,507 [INFO]   [Proportion]:      -6.79%
2026-02-07 22:11:52,508 [INFO] ❌ 中介效应不显著。
2026-02-07 22:12:02,693 [INFO] 
============================================================
2026-02-07 22:12:02,695 [INFO] 🚀 模型启动: Group -> VAN_to_DMN_EC_Raw -> DMN_SP
2026-02-07 22:12:04,677 [INFO]   [Path a]  (X -> M): N/A
2026-02-07 22:12:04,678 [INFO]   [Path b]  (M -> Y): N/A
2026-02-07 22:12:04,679 [INFO]   [Direct]  (c'):     coef=-0.5253, p=0.0008
2026-02-07 22:12:04,680 [INFO]   [Total]   (c):      coef=-0.4919, p=0.0008
2026-02-07 22:12:04,681 [INFO]   [Indirect] (ab):   coef=0.0334, 95% CI=[-0.0483, 0.1530]
2026-02-07 22:12:04,681 [INFO]   [Proportion]:      -6.79%
2026-02-07 22:12:04,682 [INFO] ❌ 中介效应不显著。
2026-02-07 22:12:04,685 [INFO] 
============================================================
2026-02-07 22:12:04,685 [INFO] 🚀 模型启动: Group -> VAN_to_DMN_EC_Exc -> DMN_SP
2026-02-07 22:12:06,642 [INFO]   [Path a]  (X -> M): N/A
2026-02-07 22:12:06,643 [INFO]   [Path b]  (M -> Y): N/A
2026-02-07 22:12:06,644 [INFO]   [Direct]  (c'):     coef=-0.4994, p=0.0012
2026-02-07 22:12:06,645 [INFO]   [Total]   (c):      coef=-0.4919, p=0.0008
2026-02-07 22:12:06,646 [INFO]   [Indirect] (ab):   coef=0.0075, 95% CI=[-0.0640, 0.1241]
2026-02-07 22:12:06,647 [INFO]   [Proportion]:      -1.52%
2026-02-07 22:12:06,648 [INFO] ❌ 中介效应不显著。
2026-02-07 22:12:06,650 [INFO] 
============================================================
2026-02-07 22:12:06,651 [INFO] 🚀 模型启动: Group -> VAN_to_DMN_EC_Inh -> DMN_SP
2026-02-07 22:12:08,596 [INFO]   [Path a]  (X -> M): N/A
2026-02-07 22:12:08,597 [INFO]   [Path b]  (M -> Y): N/A
2026-02-07 22:12:08,598 [INFO]   [Direct]  (c'):     coef=-0.5498, p=0.0003
2026-02-07 22:12:08,599 [INFO]   [Total]   (c):      coef=-0.4919, p=0.0008
2026-02-07 22:12:08,600 [INFO]   [Indirect] (ab):   coef=0.0579, 95% CI=[-0.0002, 0.1222]
2026-02-07 22:12:08,601 [INFO]   [Proportion]:      -11.76%
2026-02-07 22:12:08,602 [INFO] ❌ 中介效应不显著。
2026-02-07 22:12:08,604 [INFO] 
============================================================
2026-02-07 22:12:08,604 [INFO] 🚀 模型启动: Group -> VAN_to_DMN_EC_Raw -> VAN_to_DMN_Steps
2026-02-07 22:12:10,556 [INFO]   [Path a]  (X -> M): N/A
2026-02-07 22:12:10,557 [INFO]   [Path b]  (M -> Y): N/A
2026-02-07 22:12:10,558 [INFO]   [Direct]  (c'):     coef=0.4935, p=0.0009
2026-02-07 22:12:10,560 [INFO]   [Total]   (c):      coef=0.6827, p=0.0000
2026-02-07 22:12:10,561 [INFO]   [Indirect] (ab):   coef=0.1893, 95% CI=[0.0740, 0.3396]
2026-02-07 22:12:10,563 [INFO]   [Proportion]:      27.72%
2026-02-07 22:12:10,563 [INFO] ✨ 发现显著中介效应! (CI不包含0)
2026-02-07 22:12:10,566 [INFO] 
============================================================
2026-02-07 22:12:10,566 [INFO] 🚀 模型启动: Group -> VAN_to_DMN_EC_Exc -> VAN_to_DMN_Steps
2026-02-07 22:12:12,522 [INFO]   [Path a]  (X -> M): N/A
2026-02-07 22:12:12,523 [INFO]   [Path b]  (M -> Y): N/A
2026-02-07 22:12:12,524 [INFO]   [Direct]  (c'):     coef=0.5068, p=0.0005
2026-02-07 22:12:12,525 [INFO]   [Total]   (c):      coef=0.6827, p=0.0000
2026-02-07 22:12:12,527 [INFO]   [Indirect] (ab):   coef=0.1759, 95% CI=[0.0794, 0.3298]
2026-02-07 22:12:12,528 [INFO]   [Proportion]:      25.77%
2026-02-07 22:12:12,528 [INFO] ✨ 发现显著中介效应! (CI不包含0)
2026-02-07 22:12:12,530 [INFO] 
============================================================
2026-02-07 22:12:12,531 [INFO] 🚀 模型启动: Group -> VAN_to_DMN_EC_Inh -> VAN_to_DMN_Steps
2026-02-07 22:12:14,490 [INFO]   [Path a]  (X -> M): N/A
2026-02-07 22:12:14,491 [INFO]   [Path b]  (M -> Y): N/A
2026-02-07 22:12:14,492 [INFO]   [Direct]  (c'):     coef=0.6403, p=0.0000
2026-02-07 22:12:14,493 [INFO]   [Total]   (c):      coef=0.6827, p=0.0000
2026-02-07 22:12:14,495 [INFO]   [Indirect] (ab):   coef=0.0424, 95% CI=[-0.0784, 0.1424]
2026-02-07 22:12:14,496 [INFO]   [Proportion]:      6.21%
2026-02-07 22:12:14,496 [INFO] ❌ 中介效应不显著。
2026-02-07 22:12:14,500 [INFO] 
============================================================
2026-02-07 22:12:14,501 [INFO] 所有中介模型分析完成。
2026-02-07 22:15:42,506 [INFO] 
============================================================
2026-02-07 22:15:42,507 [INFO] 🚀 模型启动: Group -> VAN_to_DMN_EC_Raw -> DMN_SP
2026-02-07 22:15:47,571 [INFO] stat MEDIATION
2026-02-07 22:15:52,009 [INFO] 
============================================================
2026-02-07 22:15:52,010 [INFO] 🚀 模型启动: Group -> VAN_to_DMN_EC_Raw -> DMN_SP
2026-02-07 22:15:53,968 [INFO]   [Path a]  (X -> M): coef=-0.6207, p=0.0000
2026-02-07 22:15:53,970 [INFO]   [Path b]  (M -> Y): coef=0.0426, p=0.6012
2026-02-07 22:15:53,971 [INFO]   [Direct]  (c'):     coef=-0.5253, p=0.0008
2026-02-07 22:15:53,972 [INFO]   [Total]   (c):      coef=-0.4919, p=0.0008
2026-02-07 22:15:53,973 [INFO]   [Indirect] (ab):   coef=0.0334, 95% CI=[-0.0483, 0.1530]
2026-02-07 22:15:53,974 [INFO]   [Proportion]:      -6.79%
2026-02-07 22:15:53,975 [INFO] ❌ 中介效应不显著。
2026-02-07 22:15:53,978 [INFO] 
============================================================
2026-02-07 22:15:53,978 [INFO] 🚀 模型启动: Group -> VAN_to_DMN_EC_Exc -> DMN_SP
2026-02-07 22:15:55,922 [INFO]   [Path a]  (X -> M): coef=-0.5282, p=0.0001
2026-02-07 22:15:55,924 [INFO]   [Path b]  (M -> Y): coef=0.0678, p=0.4164
2026-02-07 22:15:55,925 [INFO]   [Direct]  (c'):     coef=-0.4994, p=0.0012
2026-02-07 22:15:55,926 [INFO]   [Total]   (c):      coef=-0.4919, p=0.0008
2026-02-07 22:15:55,927 [INFO]   [Indirect] (ab):   coef=0.0075, 95% CI=[-0.0640, 0.1241]
2026-02-07 22:15:55,928 [INFO]   [Proportion]:      -1.52%
2026-02-07 22:15:55,929 [INFO] ❌ 中介效应不显著。
2026-02-07 22:15:55,932 [INFO] 
============================================================
2026-02-07 22:15:55,932 [INFO] 🚀 模型启动: Group -> VAN_to_DMN_EC_Inh -> DMN_SP
2026-02-07 22:15:57,930 [INFO]   [Path a]  (X -> M): coef=0.5480, p=0.0003
2026-02-07 22:15:57,931 [INFO]   [Path b]  (M -> Y): coef=0.0302, p=0.6873
2026-02-07 22:15:57,933 [INFO]   [Direct]  (c'):     coef=-0.5498, p=0.0003
2026-02-07 22:15:57,935 [INFO]   [Total]   (c):      coef=-0.4919, p=0.0008
2026-02-07 22:15:57,936 [INFO]   [Indirect] (ab):   coef=0.0579, 95% CI=[-0.0002, 0.1222]
2026-02-07 22:15:57,937 [INFO]   [Proportion]:      -11.76%
2026-02-07 22:15:57,938 [INFO] ❌ 中介效应不显著。
2026-02-07 22:15:57,940 [INFO] 
============================================================
2026-02-07 22:15:57,941 [INFO] 🚀 模型启动: Group -> VAN_to_DMN_EC_Raw -> VAN_to_DMN_Steps
2026-02-07 22:15:59,914 [INFO]   [Path a]  (X -> M): coef=-0.6207, p=0.0000
2026-02-07 22:15:59,915 [INFO]   [Path b]  (M -> Y): coef=-0.3955, p=0.0000
2026-02-07 22:15:59,916 [INFO]   [Direct]  (c'):     coef=0.4935, p=0.0009
2026-02-07 22:15:59,917 [INFO]   [Total]   (c):      coef=0.6827, p=0.0000
2026-02-07 22:15:59,918 [INFO]   [Indirect] (ab):   coef=0.1893, 95% CI=[0.0740, 0.3396]
2026-02-07 22:15:59,919 [INFO]   [Proportion]:      27.72%
2026-02-07 22:15:59,920 [INFO] ✨ 发现显著中介效应! (CI不包含0)
2026-02-07 22:15:59,922 [INFO] 
============================================================
2026-02-07 22:15:59,923 [INFO] 🚀 模型启动: Group -> VAN_to_DMN_EC_Exc -> VAN_to_DMN_Steps
2026-02-07 22:16:01,867 [INFO]   [Path a]  (X -> M): coef=-0.5282, p=0.0001
2026-02-07 22:16:01,868 [INFO]   [Path b]  (M -> Y): coef=-0.4163, p=0.0000
2026-02-07 22:16:01,869 [INFO]   [Direct]  (c'):     coef=0.5068, p=0.0005
2026-02-07 22:16:01,870 [INFO]   [Total]   (c):      coef=0.6827, p=0.0000
2026-02-07 22:16:01,872 [INFO]   [Indirect] (ab):   coef=0.1759, 95% CI=[0.0794, 0.3298]
2026-02-07 22:16:01,872 [INFO]   [Proportion]:      25.77%
2026-02-07 22:16:01,873 [INFO] ✨ 发现显著中介效应! (CI不包含0)
2026-02-07 22:16:01,875 [INFO] 
============================================================
2026-02-07 22:16:01,876 [INFO] 🚀 模型启动: Group -> VAN_to_DMN_EC_Inh -> VAN_to_DMN_Steps
2026-02-07 22:16:03,812 [INFO]   [Path a]  (X -> M): coef=0.5480, p=0.0003
2026-02-07 22:16:03,813 [INFO]   [Path b]  (M -> Y): coef=0.1653, p=0.0284
2026-02-07 22:16:03,814 [INFO]   [Direct]  (c'):     coef=0.6403, p=0.0000
2026-02-07 22:16:03,815 [INFO]   [Total]   (c):      coef=0.6827, p=0.0000
2026-02-07 22:16:03,816 [INFO]   [Indirect] (ab):   coef=0.0424, 95% CI=[-0.0784, 0.1424]
2026-02-07 22:16:03,817 [INFO]   [Proportion]:      6.21%
2026-02-07 22:16:03,817 [INFO] ❌ 中介效应不显著。
2026-02-07 22:16:03,821 [INFO] 
============================================================
2026-02-07 22:16:03,821 [INFO] 所有中介模型分析完成。
